[circlelayer.com/index.html]
[backblue.gif]
[fade.gif]
[index.html]
[circlelayer.com/assets/images/favicon.png]
[circlelayer.com/assets/css/tailwind-4.1.10.css]
[circlelayer.com/assets/css/style1.css]
[ajax.googleapis.com/ajax/libs/webfont/1.6.26/webfont.js]
[circlelayer.com/assets/css/custom.css]
[unpkg.com/aos@2.3.1/dist/aos.css]
[cdnjs.cloudflare.com/ajax/libs/animate.css/4.1.1/animate.min.css]
[cdnjs.cloudflare.com/ajax/libs/font-awesome/5.15.4/css/all.min.css]
[cdn.plyr.io/3.7.8/plyr.css]
[cdn.plyr.io/3.7.8/plyr.polyfilled.js]
[circlelayer.com/assets/videos/preloader.webm]
[circlelayer.com/assets/images/logo-light.png]
[circlelayer.com/assets/images/logo-dark.png]
[unpkg.com/@splinetool/viewer@1.10.11/build/spline-viewer.js]
[circlelayer.com/ecosystem.html]
[circlelayer.com/technology.html]
[circlelayer.com/developers.html]
[circlelayer.com/hackathon.html]
[circlelayer.com/assets/images/arrow-next.png]
[circlelayer.com/assets/images/brand-2.png]
[circlelayer.com/assets/images/brand-3.png]
[circlelayer.com/assets/images/brand-4.png]
[circlelayer.com/assets/images/brand-1.png]
[circlelayer.com/assets/videos/Hero.webm]
[circlelayer.com/assets/videos/Ring.webm]
[circlelayer.com/transparent]
[circlelayer.com/assets/videos/TPS Gauge 2.webm]
[circlelayer.com/assets/videos/Box ORB.webm]
[circlelayer.com/assets/videos/Zero.webm]
[circlelayer.com/assets/videos/Flow.webm]
[circlelayer.com/assets/videos/Abstract.webm]
[circlelayer.com/assets/videos/InfinityCube.webm]
[circlelayer.com/assets/images/slider/1.jpg]
[circlelayer.com/assets/images/slider/2.jpg]
[circlelayer.com/assets/images/slider/3.jpg]
[circlelayer.com/assets/images/slider/4.jpg]
[circlelayer.com/assets/images/slider/5.jpg]
[circlelayer.com/assets/images/slider/6.jpg]
[circlelayer.com/assets/images/img-2.webp]
[circlelayer.com/assets/images/f3.png]
[circlelayer.com/coin-distribution.html]
[circlelayer.com/brand-and-media-kit.html]
[circlelayer.com/privacy-policy.html]
[circlelayer.com/terms-of-services.html]
[circlelayer.com/cookie-preferences.html]
[circlelayer.com/assets/js/jquery.js]
[circlelayer.com/assets/js/script-1.js]
[circlelayer.com/assets/js/script-2.js]
[circlelayer.com/assets/js/script-3.js]
[circlelayer.com/assets/js/script-4.js]
[cdn.jsdelivr.net/npm/gsap@3.12.5/dist/gsap.min.js]
[cdn.jsdelivr.net/npm/gsap@3.12.5/dist/ScrollTrigger.min.js]
[cdn.jsdelivr.net/npm/gsap@3.12.5/dist/TextPlugin.min.js]
[cdn.jsdelivr.net/npm/scrolly-video@latest/dist/scrolly-video.js]
[unpkg.com/aos@2.3.1/dist/aos.js]
[circlelayer.com/assets/js/scripts.js]
[circlelayer.com/assets/js/chatbot.js]
[circlelayer.com/assets/js/custom.js]
[cdnjs.cloudflare.com/ajax/libs/gsap/3.12.2/gsap.min.js]
[circlelayer.com/index.html]
[circlelayer.com/assets/css/tailwind-4.1.10.css]
[circlelayer.com/assets/css/style1.css]
[cdnjs.cloudflare.com/ajax/libs/gsap/3.12.2/ScrollTrigger.min.js]
[circlelayer.com/assets/css/custom.css]
[unpkg.com/aos@2.3.1/dist/aos.css]
[cdnjs.cloudflare.com/ajax/libs/animate.css/4.1.1/animate.min.css]
[cdnjs.cloudflare.com/ajax/libs/font-awesome/5.15.4/css/all.min.css]
[cdn.plyr.io/3.7.8/plyr.css]
[circlelayer.com/assets/videos/Glass Ball.webm]
[circlelayer.com/cdn-cgi/l/email-protection.3e.delayed]
[circlelayer.com/assets/fonts/Gridular-Regular.ttf]
[circlelayer.com/ecosystem.html]
[circlelayer.com/cdn-cgi/scripts/5c5dd728/cloudflare-static/email-decode.min.js]
[circlelayer.com/assets/videos/Orbit Triangle.jpg]
[circlelayer.com/assets/videos/Orbit Triangle.webm]
[circlelayer.com/assets/videos/Orbit Triangle.mp4]
[circlelayer.com/assets/videos/Cube glass.webm]
[circlelayer.com/assets/videos/Circle Layer.44.delayed]
[circlelayer.com/assets/videos/Circle Layer.webm]
[circlelayer.com/assets/videos/Circle Layer.46.delayed]
[circlelayer.com/assets/images/Circle Layer.webp]
[circlelayer.com/technology.html]
[circlelayer.com/assets/css/style1-dev.css]
[cdn.jetboost.io/jetboost.js]
[circlelayer.com/assets/images/group-1.png]
[circlelayer.com/assets/videos/Cube glass.mp4]
[circlelayer.com/assets/videos/TPS Gauge.webm]
[circlelayer.com/assets/videos/ORB.webm]
[circlelayer.com/assets/videos/Unchained.webm]
[circlelayer.com/assets/videos/Unchained.4f.delayed]
[circlelayer.com/assets/js/script-6.js]
[circlelayer.com/assets/js/script-5.js]
[circlelayer.com/developers.html]
[circlelayer.com/assets/js/script-7.js]
[circlelayer.com/assets/css/hackathon.css]
[circlelayer.com/assets/videos/TPS Flow.jpg]
[circlelayer.com/assets/videos/TPS Flow.webm]
[circlelayer.com/assets/videos/TPS Flow.mp4]
[circlelayer.com/hackathon.html]
[circlelayer.com/transparent.html]
[circlelayer.com/assets/videos/Pie Chart.webm]
[circlelayer.com/coin-distribution.html]
[circlelayer.com/assets/Circle-Layer-Collection.zip]
[circlelayer.com/assets/images/logo-dark-1.png]
[circlelayer.com/brand-and-media-kit.html]
[circlelayer.com/privacy-policy.html]
[circlelayer.com/terms-of-services.html]
[circlelayer.com/cookie-preferences.html]
[circlelayer.com/cdn-cgi/l/email-protection.html]
[circlelayer.com/assets/videos/Orbit Triangle.html]
[circlelayer.com/assets/videos/Orbit Triangle-2.html]
[circlelayer.com/assets/videos/Circle Layer.html]
[circlelayer.com/assets/videos/Circle Layer-2.html]
[circlelayer.com/assets/images/Circle Layer.html]
[circlelayer.com/assets/css/style1-dev.css]
[circlelayer.com/assets/videos/Cube glass.html]
[circlelayer.com/assets/videos/Unchained.html]
[circlelayer.com/testnet.html]
[cdn.prod.website-files.com/6781b1ebb03489d8034a9c8b/6781b646baef59770a8a0042_Title BG.png]
[circlelayer.com/assets/css/hackathon.css]
[circlelayer.com/assets/videos/TPS Flow.html]
[circlelayer.com/assets/videos/TPS Flow-2.html]
[circlelayer.com/assets/css/tailwind-3.3.3.css]
[circlelayer.com/assets/images/favicon-192x192.png]
[circlelayer.com/assets/images/Circuit.webp]
[circlelayer.com/assets/videos/Circuit.webm]
[circlelayer.com/assets/videos/Circuit.mp4]
[circlelayer.com/testnet.html]
[circlelayer.com/assets/css/tailwind-3.3.3.css]
[circlelayer.com/assets/images/Circuit.html]
[circlelayer.com/assets/videos/Circuit.html]
